ARM Linker, 5.03 [Build 76] [MDK-ARM Professional]

==============================================================================

Section Cross References

    startup_tm4c123.o(RESET) refers to startup_tm4c123.o(STACK) for __initial_sp
    startup_tm4c123.o(RESET) refers to startup_tm4c123.o(.text) for Reset_Handler
    startup_tm4c123.o(.text) refers to main.o(.text) for START
    startup_tm4c123.o(.text) refers to startup_tm4c123.o(HEAP) for Heap_Mem
    startup_tm4c123.o(.text) refers to startup_tm4c123.o(STACK) for Stack_Mem


==============================================================================

Image Symbol Table

    Local Symbols

    Symbol Name                              Value     Ov Type        Size  Object(Section)

    RESET                                    0x00000000   Section      620  startup_tm4c123.o(RESET)
    main.s                                   0x00000000   Number         0  main.o ABSOLUTE
    startup_TM4C123.s                        0x00000000   Number         0  startup_tm4c123.o ABSOLUTE
    tm4c123gh6pm.s                           0x00000000   Number         0  tm4c123gh6pm.o ABSOLUTE
    .text                                    0x0000026c   Section      488  main.o(.text)
    $v0                                      0x0000026c   Number         0  main.o(.text)
    .text                                    0x00000454   Section      268  startup_tm4c123.o(.text)
    $v0                                      0x00000454   Number         0  startup_tm4c123.o(.text)
    HEAP                                     0x20000000   Section        0  startup_tm4c123.o(HEAP)
    STACK                                    0x20000000   Section      512  startup_tm4c123.o(STACK)
    Heap_Mem                                 0x20000000   Data           0  startup_tm4c123.o(HEAP)
    Stack_Mem                                0x20000000   Data         512  startup_tm4c123.o(STACK)
    __initial_sp                             0x20000200   Data           0  startup_tm4c123.o(STACK)

    Global Symbols

    Symbol Name                              Value     Ov Type        Size  Object(Section)

    BuildAttributes$$THM_ISAv4$E$P$D$K$B$S$7EM$VFPi3$EXTD16$VFPS$VFMA$PE$A:L22UL41UL21$X:L11$S22US41US21$IEEE1$IW$USESV6$~STKCKD$USESV7$~SHL$OSPACE$EBA8$STANDARDLIB$EABIv2 0x00000000   Number         0  anon$$obj.o ABSOLUTE
    __Vectors                                0x00000000   Data           4  startup_tm4c123.o(RESET)
    __Vectors_End                            0x0000026c   Data           0  startup_tm4c123.o(RESET)
    __Vectors_Size                           0x0000026c   Number         0  startup_tm4c123.o ABSOLUTE
    START                                    0x0000030b   Thumb Code     0  main.o(.text)
    Reset_Handler                            0x00000455   Thumb Code     4  startup_tm4c123.o(.text)
    NMI_Handler                              0x00000459   Thumb Code     2  startup_tm4c123.o(.text)
    HardFault_Handler                        0x0000045b   Thumb Code     2  startup_tm4c123.o(.text)
    MemManage_Handler                        0x0000045d   Thumb Code     2  startup_tm4c123.o(.text)
    BusFault_Handler                         0x0000045f   Thumb Code     2  startup_tm4c123.o(.text)
    UsageFault_Handler                       0x00000461   Thumb Code     2  startup_tm4c123.o(.text)
    SVC_Handler                              0x00000463   Thumb Code     2  startup_tm4c123.o(.text)
    DebugMon_Handler                         0x00000465   Thumb Code     2  startup_tm4c123.o(.text)
    PendSV_Handler                           0x00000467   Thumb Code     2  startup_tm4c123.o(.text)
    SysTick_Handler                          0x00000469   Thumb Code     2  startup_tm4c123.o(.text)
    GPIOA_Handler                            0x0000046b   Thumb Code     2  startup_tm4c123.o(.text)
    GPIOB_Handler                            0x0000046d   Thumb Code     2  startup_tm4c123.o(.text)
    GPIOC_Handler                            0x0000046f   Thumb Code     2  startup_tm4c123.o(.text)
    GPIOD_Handler                            0x00000471   Thumb Code     2  startup_tm4c123.o(.text)
    GPIOE_Handler                            0x00000473   Thumb Code     2  startup_tm4c123.o(.text)
    UART0_Handler                            0x00000475   Thumb Code     2  startup_tm4c123.o(.text)
    UART1_Handler                            0x00000477   Thumb Code     2  startup_tm4c123.o(.text)
    SSI0_Handler                             0x00000479   Thumb Code     2  startup_tm4c123.o(.text)
    I2C0_Handler                             0x0000047b   Thumb Code     2  startup_tm4c123.o(.text)
    PMW0_FAULT_Handler                       0x0000047d   Thumb Code     2  startup_tm4c123.o(.text)
    PWM0_0_Handler                           0x0000047f   Thumb Code     2  startup_tm4c123.o(.text)
    PWM0_1_Handler                           0x00000481   Thumb Code     2  startup_tm4c123.o(.text)
    PWM0_2_Handler                           0x00000483   Thumb Code     2  startup_tm4c123.o(.text)
    QEI0_Handler                             0x00000485   Thumb Code     2  startup_tm4c123.o(.text)
    ADC0SS0_Handler                          0x00000487   Thumb Code     2  startup_tm4c123.o(.text)
    ADC0SS1_Handler                          0x00000489   Thumb Code     2  startup_tm4c123.o(.text)
    ADC0SS2_Handler                          0x0000048b   Thumb Code     2  startup_tm4c123.o(.text)
    ADC0SS3_Handler                          0x0000048d   Thumb Code     2  startup_tm4c123.o(.text)
    WDT0_Handler                             0x0000048f   Thumb Code     2  startup_tm4c123.o(.text)
    TIMER0A_Handler                          0x00000491   Thumb Code     2  startup_tm4c123.o(.text)
    TIMER0B_Handler                          0x00000493   Thumb Code     2  startup_tm4c123.o(.text)
    TIMER1A_Handler                          0x00000495   Thumb Code     2  startup_tm4c123.o(.text)
    TIMER1B_Handler                          0x00000497   Thumb Code     2  startup_tm4c123.o(.text)
    TIMER2A_Handler                          0x00000499   Thumb Code     2  startup_tm4c123.o(.text)
    TIMER2B_Handler                          0x0000049b   Thumb Code     2  startup_tm4c123.o(.text)
    COMP0_Handler                            0x0000049d   Thumb Code     2  startup_tm4c123.o(.text)
    COMP1_Handler                            0x0000049f   Thumb Code     2  startup_tm4c123.o(.text)
    COMP2_Handler                            0x000004a1   Thumb Code     2  startup_tm4c123.o(.text)
    SYSCTL_Handler                           0x000004a3   Thumb Code     2  startup_tm4c123.o(.text)
    FLASH_Handler                            0x000004a5   Thumb Code     2  startup_tm4c123.o(.text)
    GPIOF_Handler                            0x000004a7   Thumb Code     2  startup_tm4c123.o(.text)
    GPIOG_Handler                            0x000004a9   Thumb Code     2  startup_tm4c123.o(.text)
    GPIOH_Handler                            0x000004ab   Thumb Code     2  startup_tm4c123.o(.text)
    UART2_Handler                            0x000004ad   Thumb Code     2  startup_tm4c123.o(.text)
    SSI1_Handler                             0x000004af   Thumb Code     2  startup_tm4c123.o(.text)
    TIMER3A_Handler                          0x000004b1   Thumb Code     2  startup_tm4c123.o(.text)
    TIMER3B_Handler                          0x000004b3   Thumb Code     2  startup_tm4c123.o(.text)
    I2C1_Handler                             0x000004b5   Thumb Code     2  startup_tm4c123.o(.text)
    QEI1_Handler                             0x000004b7   Thumb Code     2  startup_tm4c123.o(.text)
    CAN0_Handler                             0x000004b9   Thumb Code     2  startup_tm4c123.o(.text)
    CAN1_Handler                             0x000004bb   Thumb Code     2  startup_tm4c123.o(.text)
    CAN2_Handler                             0x000004bd   Thumb Code     2  startup_tm4c123.o(.text)
    HIB_Handler                              0x000004bf   Thumb Code     2  startup_tm4c123.o(.text)
    USB0_Handler                             0x000004c1   Thumb Code     2  startup_tm4c123.o(.text)
    PWM0_3_Handler                           0x000004c3   Thumb Code     2  startup_tm4c123.o(.text)
    UDMA_Handler                             0x000004c5   Thumb Code     2  startup_tm4c123.o(.text)
    UDMAERR_Handler                          0x000004c7   Thumb Code     2  startup_tm4c123.o(.text)
    ADC1SS0_Handler                          0x000004c9   Thumb Code     2  startup_tm4c123.o(.text)
    ADC1SS1_Handler                          0x000004cb   Thumb Code     2  startup_tm4c123.o(.text)
    ADC1SS2_Handler                          0x000004cd   Thumb Code     2  startup_tm4c123.o(.text)
    ADC1SS3_Handler                          0x000004cf   Thumb Code     2  startup_tm4c123.o(.text)
    GPIOJ_Handler                            0x000004d1   Thumb Code     2  startup_tm4c123.o(.text)
    GPIOK_Handler                            0x000004d3   Thumb Code     2  startup_tm4c123.o(.text)
    GPIOL_Handler                            0x000004d5   Thumb Code     2  startup_tm4c123.o(.text)
    SSI2_Handler                             0x000004d7   Thumb Code     2  startup_tm4c123.o(.text)
    SSI3_Handler                             0x000004d9   Thumb Code     2  startup_tm4c123.o(.text)
    UART3_Handler                            0x000004db   Thumb Code     2  startup_tm4c123.o(.text)
    UART4_Handler                            0x000004dd   Thumb Code     2  startup_tm4c123.o(.text)
    UART5_Handler                            0x000004df   Thumb Code     2  startup_tm4c123.o(.text)
    UART6_Handler                            0x000004e1   Thumb Code     2  startup_tm4c123.o(.text)
    UART7_Handler                            0x000004e3   Thumb Code     2  startup_tm4c123.o(.text)
    I2C2_Handler                             0x000004e5   Thumb Code     2  startup_tm4c123.o(.text)
    I2C3_Handler                             0x000004e7   Thumb Code     2  startup_tm4c123.o(.text)
    TIMER4A_Handler                          0x000004e9   Thumb Code     2  startup_tm4c123.o(.text)
    TIMER4B_Handler                          0x000004eb   Thumb Code     2  startup_tm4c123.o(.text)
    TIMER5A_Handler                          0x000004ed   Thumb Code     2  startup_tm4c123.o(.text)
    TIMER5B_Handler                          0x000004ef   Thumb Code     2  startup_tm4c123.o(.text)
    WTIMER0A_Handler                         0x000004f1   Thumb Code     2  startup_tm4c123.o(.text)
    WTIMER0B_Handler                         0x000004f3   Thumb Code     2  startup_tm4c123.o(.text)
    WTIMER1A_Handler                         0x000004f5   Thumb Code     2  startup_tm4c123.o(.text)
    WTIMER1B_Handler                         0x000004f7   Thumb Code     2  startup_tm4c123.o(.text)
    WTIMER2A_Handler                         0x000004f9   Thumb Code     2  startup_tm4c123.o(.text)
    WTIMER2B_Handler                         0x000004fb   Thumb Code     2  startup_tm4c123.o(.text)
    WTIMER3A_Handler                         0x000004fd   Thumb Code     2  startup_tm4c123.o(.text)
    WTIMER3B_Handler                         0x000004ff   Thumb Code     2  startup_tm4c123.o(.text)
    WTIMER4A_Handler                         0x00000501   Thumb Code     2  startup_tm4c123.o(.text)
    WTIMER4B_Handler                         0x00000503   Thumb Code     2  startup_tm4c123.o(.text)
    WTIMER5A_Handler                         0x00000505   Thumb Code     2  startup_tm4c123.o(.text)
    WTIMER5B_Handler                         0x00000507   Thumb Code     2  startup_tm4c123.o(.text)
    FPU_Handler                              0x00000509   Thumb Code     2  startup_tm4c123.o(.text)
    I2C4_Handler                             0x0000050b   Thumb Code     2  startup_tm4c123.o(.text)
    I2C5_Handler                             0x0000050d   Thumb Code     2  startup_tm4c123.o(.text)
    GPIOM_Handler                            0x0000050f   Thumb Code     2  startup_tm4c123.o(.text)
    GPION_Handler                            0x00000511   Thumb Code     2  startup_tm4c123.o(.text)
    QEI2_Handler                             0x00000513   Thumb Code     2  startup_tm4c123.o(.text)
    GPIOP0_Handler                           0x00000515   Thumb Code     2  startup_tm4c123.o(.text)
    GPIOP1_Handler                           0x00000517   Thumb Code     2  startup_tm4c123.o(.text)
    GPIOP2_Handler                           0x00000519   Thumb Code     2  startup_tm4c123.o(.text)
    GPIOP3_Handler                           0x0000051b   Thumb Code     2  startup_tm4c123.o(.text)
    GPIOP4_Handler                           0x0000051d   Thumb Code     2  startup_tm4c123.o(.text)
    GPIOP5_Handler                           0x0000051f   Thumb Code     2  startup_tm4c123.o(.text)
    GPIOP6_Handler                           0x00000521   Thumb Code     2  startup_tm4c123.o(.text)
    GPIOP7_Handler                           0x00000523   Thumb Code     2  startup_tm4c123.o(.text)
    GPIOQ0_Handler                           0x00000525   Thumb Code     2  startup_tm4c123.o(.text)
    GPIOQ1_Handler                           0x00000527   Thumb Code     2  startup_tm4c123.o(.text)
    GPIOQ2_Handler                           0x00000529   Thumb Code     2  startup_tm4c123.o(.text)
    GPIOQ3_Handler                           0x0000052b   Thumb Code     2  startup_tm4c123.o(.text)
    GPIOQ4_Handler                           0x0000052d   Thumb Code     2  startup_tm4c123.o(.text)
    GPIOQ5_Handler                           0x0000052f   Thumb Code     2  startup_tm4c123.o(.text)
    GPIOQ6_Handler                           0x00000531   Thumb Code     2  startup_tm4c123.o(.text)
    GPIOQ7_Handler                           0x00000533   Thumb Code     2  startup_tm4c123.o(.text)
    GPIOR_Handler                            0x00000535   Thumb Code     2  startup_tm4c123.o(.text)
    GPIOS_Handler                            0x00000537   Thumb Code     2  startup_tm4c123.o(.text)
    PMW1_0_Handler                           0x00000539   Thumb Code     2  startup_tm4c123.o(.text)
    PWM1_1_Handler                           0x0000053b   Thumb Code     2  startup_tm4c123.o(.text)
    PWM1_2_Handler                           0x0000053d   Thumb Code     2  startup_tm4c123.o(.text)
    PWM1_3_Handler                           0x0000053f   Thumb Code     2  startup_tm4c123.o(.text)
    PWM1_FAULT_Handler                       0x00000541   Thumb Code     2  startup_tm4c123.o(.text)
    __user_initial_stackheap                 0x00000545   Thumb Code     0  startup_tm4c123.o(.text)



==============================================================================

Memory Map of the image

  Image Entry point : 0x0000026d

  Load Region LR_IROM1 (Base: 0x00000000, Size: 0x00000560, Max: 0x00040000, ABSOLUTE)

    Execution Region ER_IROM1 (Base: 0x00000000, Size: 0x00000560, Max: 0x00040000, ABSOLUTE)

    Base Addr    Size         Type   Attr      Idx    E Section Name        Object

    0x00000000   0x0000026c   Data   RO            8    RESET               startup_tm4c123.o
    0x0000026c   0x000001e8   Code   RO            1  * .text               main.o
    0x00000454   0x0000010c   Code   RO            9    .text               startup_tm4c123.o


    Execution Region RW_IRAM1 (Base: 0x20000000, Size: 0x00000200, Max: 0x00008000, ABSOLUTE)

    Base Addr    Size         Type   Attr      Idx    E Section Name        Object

    0x20000000   0x00000000   Zero   RW            7    HEAP                startup_tm4c123.o
    0x20000000   0x00000200   Zero   RW            6    STACK               startup_tm4c123.o


==============================================================================

Image component sizes


      Code (inc. data)   RO Data    RW Data    ZI Data      Debug   Object Name

       488         70          0          0          0        340   main.o
       268         20        620          0        512       5340   startup_tm4c123.o

    ----------------------------------------------------------------------
       756         90        620          0        512       5680   Object Totals
         0          0          0          0          0          0   (incl. Generated)
         0          0          0          0          0          0   (incl. Padding)

    ----------------------------------------------------------------------
         0          0          0          0          0          0   Library Totals
         0          0          0          0          0          0   (incl. Padding)

    ----------------------------------------------------------------------

==============================================================================


      Code (inc. data)   RO Data    RW Data    ZI Data      Debug   

       756         90        620          0        512       5680   Grand Totals
       756         90        620          0        512       5680   ELF Image Totals
       756         90        620          0          0          0   ROM Totals

==============================================================================

    Total RO  Size (Code + RO Data)                 1376 (   1.34kB)
    Total RW  Size (RW Data + ZI Data)               512 (   0.50kB)
    Total ROM Size (Code + RO Data + RW Data)       1376 (   1.34kB)

==============================================================================

