<html>
<body>
<pre>
<h1>µVision Build Log</h1>
<h2>Project:</h2>
D:\Projects\ARM\Keil\lcd_ssi\lcd.uvproj
Project File Date:  01/30/2015

<h2>Output:</h2>
Build target 'Target 1'
assembling main.s...
linking...
.\lcd.sct(8): warning: L6314W: No section matches pattern *(InRoot$$Sections).
Program Size: Code=756 RO-data=620 RW-data=0 ZI-data=512  
Finished: 0 information, 1 warning and 0 error messages.
".\lcd.axf" - 0 Error(s), 1 Warning(s).
Load "D:\\Projects\\ARM\\Keil\\lcd_ssi\\lcd.axf" 
Connecting: Mode=JTAG, Speed=1000000Hz
Erase Done.
Programming Done.
Verify OK.
rror: Flash Download failed  -  Target DLL has been cancelled
Load "D:\\Projects\\ARM\\Keil\\lcd_ssi\\lcd.axf" 
Connecting: Mode=JTAG, Speed=1000000Hz
Erase Done.
Programming Done.
Verify OK.
